
============================================================
Processor 0 initialized
Program : tests/array_add/program.byte
Data    : tests/array_add/data.byte
PC      : 0
State   : READY
PAGE TABLE | Processor 0
Logical Page | Physical Page | Status
           0 |             0 | MAPPED
           1 |             1 | MAPPED
           2 |             - | NOT MAPPED
           3 |             - | NOT MAPPED
           4 |             - | NOT MAPPED
           5 |             - | NOT MAPPED
           6 |             - | NOT MAPPED
           7 |             - | NOT MAPPED
           8 |             - | NOT MAPPED
Physical Pages Used | 2 / 16

TASK | Processor 0 | PID 1 | State: READY | Program: tests/array_add/program.txt | Data: tests/array_add/data.byte | PC: 0
PAGE TABLE | Processor 0
Logical Page | Physical Page | Status
           0 |             0 | MAPPED
           1 |             1 | MAPPED
           2 |             - | NOT MAPPED
           3 |             - | NOT MAPPED
           4 |             - | NOT MAPPED
           5 |             - | NOT MAPPED
           6 |             - | NOT MAPPED
           7 |             - | NOT MAPPED
           8 |             - | NOT MAPPED
Physical Pages Used | 2 / 16

============================================================
Processor 1 initialized
Program : tests/fir_filter/program.byte
Data    : tests/fir_filter/data.byte
PC      : 0
State   : READY
PAGE TABLE | Processor 1
Logical Page | Physical Page | Status
           0 |             2 | MAPPED
           1 |             3 | MAPPED
           2 |             - | NOT MAPPED
           3 |             - | NOT MAPPED
           4 |             - | NOT MAPPED
           5 |             - | NOT MAPPED
           6 |             - | NOT MAPPED
           7 |             - | NOT MAPPED
           8 |             - | NOT MAPPED
Physical Pages Used | 4 / 16

TASK | Processor 1 | PID 2 | State: READY | Program: tests/fir_filter/program.txt | Data: tests/fir_filter/data.byte | PC: 0
PAGE TABLE | Processor 1
Logical Page | Physical Page | Status
           0 |             2 | MAPPED
           1 |             3 | MAPPED
           2 |             - | NOT MAPPED
           3 |             - | NOT MAPPED
           4 |             - | NOT MAPPED
           5 |             - | NOT MAPPED
           6 |             - | NOT MAPPED
           7 |             - | NOT MAPPED
           8 |             - | NOT MAPPED
Physical Pages Used | 4 / 16

============================================================
Processor 2 initialized
Program : tests/array_add_vector/program.byte
Data    : tests/array_add_vector/data.byte
PC      : 0
State   : READY
PAGE TABLE | Processor 2
Logical Page | Physical Page | Status
           0 |             4 | MAPPED
           1 |             5 | MAPPED
           2 |             - | NOT MAPPED
           3 |             - | NOT MAPPED
           4 |             - | NOT MAPPED
           5 |             - | NOT MAPPED
           6 |             - | NOT MAPPED
           7 |             - | NOT MAPPED
           8 |             - | NOT MAPPED
Physical Pages Used | 6 / 16

TASK | Processor 2 | PID 3 | State: READY | Program: tests/array_add_vector/program.txt | Data: tests/array_add_vector/data.byte | PC: 0
PAGE TABLE | Processor 2
Logical Page | Physical Page | Status
           0 |             4 | MAPPED
           1 |             5 | MAPPED
           2 |             - | NOT MAPPED
           3 |             - | NOT MAPPED
           4 |             - | NOT MAPPED
           5 |             - | NOT MAPPED
           6 |             - | NOT MAPPED
           7 |             - | NOT MAPPED
           8 |             - | NOT MAPPED
Physical Pages Used | 6 / 16

============================================================
Processor 3 initialized
Program : tests/fir_filter_vector/program.byte
Data    : tests/fir_filter_vector/data.byte
PC      : 0
State   : READY
PAGE TABLE | Processor 3
Logical Page | Physical Page | Status
           0 |             6 | MAPPED
           1 |             7 | MAPPED
           2 |             - | NOT MAPPED
           3 |             - | NOT MAPPED
           4 |             - | NOT MAPPED
           5 |             - | NOT MAPPED
           6 |             - | NOT MAPPED
           7 |             - | NOT MAPPED
           8 |             - | NOT MAPPED
Physical Pages Used | 8 / 16

TASK | Processor 3 | PID 4 | State: READY | Program: tests/fir_filter_vector/program.txt | Data: tests/fir_filter_vector/data.byte | PC: 0
PAGE TABLE | Processor 3
Logical Page | Physical Page | Status
           0 |             6 | MAPPED
           1 |             7 | MAPPED
           2 |             - | NOT MAPPED
           3 |             - | NOT MAPPED
           4 |             - | NOT MAPPED
           5 |             - | NOT MAPPED
           6 |             - | NOT MAPPED
           7 |             - | NOT MAPPED
           8 |             - | NOT MAPPED
Physical Pages Used | 8 / 16

TASK | Processor 0 | PID 1 | State: RUNNING | Program: tests/array_add/program.txt | Data: tests/array_add/data.byte | PC: 0
PAGE TABLE | Processor 0
Logical Page | Physical Page | Status
           0 |             0 | MAPPED
           1 |             1 | MAPPED
           2 |             - | NOT MAPPED
           3 |             - | NOT MAPPED
           4 |             - | NOT MAPPED
           5 |             - | NOT MAPPED
           6 |             - | NOT MAPPED
           7 |             - | NOT MAPPED
           8 |             - | NOT MAPPED
Physical Pages Used | 8 / 16
TRANSLATION | Processor 0 | INSTRUCTION | Logical Address: 0 | Logical Page: 0 | Offset: 0 | Physical Page: 0 | Physical Address: 0
TRANSLATION | Processor 0 | INSTRUCTION | Logical Address: 1 | Logical Page: 0 | Offset: 1 | Physical Page: 0 | Physical Address: 1
TRANSLATION | Processor 0 | INSTRUCTION | Logical Address: 2 | Logical Page: 0 | Offset: 2 | Physical Page: 0 | Physical Address: 2
TRANSLATION | Processor 0 | INSTRUCTION | Logical Address: 3 | Logical Page: 0 | Offset: 3 | Physical Page: 0 | Physical Address: 3
TRANSLATION | Processor 0 | INSTRUCTION | Logical Address: 4 | Logical Page: 0 | Offset: 4 | Physical Page: 0 | Physical Address: 4
TRANSLATION | Processor 0 | INSTRUCTION | Logical Address: 5 | Logical Page: 0 | Offset: 5 | Physical Page: 0 | Physical Address: 5
TRANSLATION | Processor 0 | INSTRUCTION | Logical Address: 6 | Logical Page: 0 | Offset: 6 | Physical Page: 0 | Physical Address: 6
TRANSLATION | Processor 0 | INSTRUCTION | Logical Address: 7 | Logical Page: 0 | Offset: 7 | Physical Page: 0 | Physical Address: 7
TRANSLATION | Processor 0 | INSTRUCTION | Logical Address: 8 | Logical Page: 0 | Offset: 8 | Physical Page: 0 | Physical Address: 8
TRANSLATION | Processor 0 | INSTRUCTION | Logical Address: 9 | Logical Page: 0 | Offset: 9 | Physical Page: 0 | Physical Address: 9
TRANSLATION | Processor 0 | INSTRUCTION | Logical Address: 10 | Logical Page: 0 | Offset: 10 | Physical Page: 0 | Physical Address: 10
TRANSLATION | Processor 0 | INSTRUCTION | Logical Address: 11 | Logical Page: 0 | Offset: 11 | Physical Page: 0 | Physical Address: 11
TRANSLATION | Processor 0 | INSTRUCTION | Logical Address: 12 | Logical Page: 0 | Offset: 12 | Physical Page: 0 | Physical Address: 12
TRANSLATION | Processor 0 | INSTRUCTION | Logical Address: 13 | Logical Page: 0 | Offset: 13 | Physical Page: 0 | Physical Address: 13
TRANSLATION | Processor 0 | INSTRUCTION | Logical Address: 14 | Logical Page: 0 | Offset: 14 | Physical Page: 0 | Physical Address: 14
TRANSLATION | Processor 0 | INSTRUCTION | Logical Address: 15 | Logical Page: 0 | Offset: 15 | Physical Page: 0 | Physical Address: 15
TRANSLATION | Processor 0 | INSTRUCTION | Logical Address: 16 | Logical Page: 0 | Offset: 16 | Physical Page: 0 | Physical Address: 16
TRANSLATION | Processor 0 | INSTRUCTION | Logical Address: 17 | Logical Page: 0 | Offset: 17 | Physical Page: 0 | Physical Address: 17
TRANSLATION | Processor 0 | INSTRUCTION | Logical Address: 18 | Logical Page: 0 | Offset: 18 | Physical Page: 0 | Physical Address: 18
TRANSLATION | Processor 0 | INSTRUCTION | Logical Address: 19 | Logical Page: 0 | Offset: 19 | Physical Page: 0 | Physical Address: 19
TRANSLATION | Processor 0 | INSTRUCTION | Logical Address: 20 | Logical Page: 0 | Offset: 20 | Physical Page: 0 | Physical Address: 20
TRANSLATION | Processor 0 | INSTRUCTION | Logical Address: 21 | Logical Page: 0 | Offset: 21 | Physical Page: 0 | Physical Address: 21
TRANSLATION | Processor 0 | INSTRUCTION | Logical Address: 22 | Logical Page: 0 | Offset: 22 | Physical Page: 0 | Physical Address: 22
TRANSLATION | Processor 0 | INSTRUCTION | Logical Address: 23 | Logical Page: 0 | Offset: 23 | Physical Page: 0 | Physical Address: 23
TRANSLATION | Processor 0 | INSTRUCTION | Logical Address: 24 | Logical Page: 0 | Offset: 24 | Physical Page: 0 | Physical Address: 24
TRANSLATION | Processor 0 | INSTRUCTION | Logical Address: 25 | Logical Page: 0 | Offset: 25 | Physical Page: 0 | Physical Address: 25
TRANSLATION | Processor 0 | INSTRUCTION | Logical Address: 26 | Logical Page: 0 | Offset: 26 | Physical Page: 0 | Physical Address: 26
TRANSLATION | Processor 0 | INSTRUCTION | Logical Address: 27 | Logical Page: 0 | Offset: 27 | Physical Page: 0 | Physical Address: 27
TRANSLATION | Processor 0 | INSTRUCTION | Logical Address: 28 | Logical Page: 0 | Offset: 28 | Physical Page: 0 | Physical Address: 28
TRANSLATION | Processor 0 | INSTRUCTION | Logical Address: 29 | Logical Page: 0 | Offset: 29 | Physical Page: 0 | Physical Address: 29
TRANSLATION | Processor 0 | INSTRUCTION | Logical Address: 30 | Logical Page: 0 | Offset: 30 | Physical Page: 0 | Physical Address: 30
TRANSLATION | Processor 0 | INSTRUCTION | Logical Address: 31 | Logical Page: 0 | Offset: 31 | Physical Page: 0 | Physical Address: 31
TRANSLATION | Processor 0 | INSTRUCTION | Logical Address: 32 | Logical Page: 0 | Offset: 32 | Physical Page: 0 | Physical Address: 32
TRANSLATION | Processor 0 | INSTRUCTION | Logical Address: 33 | Logical Page: 0 | Offset: 33 | Physical Page: 0 | Physical Address: 33
TRANSLATION | Processor 0 | INSTRUCTION | Logical Address: 34 | Logical Page: 0 | Offset: 34 | Physical Page: 0 | Physical Address: 34
TRANSLATION | Processor 0 | INSTRUCTION | Logical Address: 35 | Logical Page: 0 | Offset: 35 | Physical Page: 0 | Physical Address: 35
TRANSLATION | Processor 0 | INSTRUCTION | Logical Address: 36 | Logical Page: 0 | Offset: 36 | Physical Page: 0 | Physical Address: 36
TRANSLATION | Processor 0 | INSTRUCTION | Logical Address: 37 | Logical Page: 0 | Offset: 37 | Physical Page: 0 | Physical Address: 37
TRANSLATION | Processor 0 | INSTRUCTION | Logical Address: 38 | Logical Page: 0 | Offset: 38 | Physical Page: 0 | Physical Address: 38
TRANSLATION | Processor 0 | INSTRUCTION | Logical Address: 39 | Logical Page: 0 | Offset: 39 | Physical Page: 0 | Physical Address: 39

TASK | Processor 1 | PID 2 | State: RUNNING | Program: tests/fir_filter/program.txt | Data: tests/fir_filter/data.byte | PC: 0
PAGE TABLE | Processor 1
Logical Page | Physical Page | Status
           0 |             2 | MAPPED
           1 |             3 | MAPPED
           2 |             - | NOT MAPPED
           3 |             - | NOT MAPPED
           4 |             - | NOT MAPPED
           5 |             - | NOT MAPPED
           6 |             - | NOT MAPPED
           7 |             - | NOT MAPPED
           8 |             - | NOT MAPPED
Physical Pages Used | 8 / 16
TRANSLATION | Processor 1 | INSTRUCTION | Logical Address: 0 | Logical Page: 0 | Offset: 0 | Physical Page: 2 | Physical Address: 1024
TRANSLATION | Processor 1 | INSTRUCTION | Logical Address: 1 | Logical Page: 0 | Offset: 1 | Physical Page: 2 | Physical Address: 1025
TRANSLATION | Processor 1 | INSTRUCTION | Logical Address: 2 | Logical Page: 0 | Offset: 2 | Physical Page: 2 | Physical Address: 1026
TRANSLATION | Processor 1 | INSTRUCTION | Logical Address: 3 | Logical Page: 0 | Offset: 3 | Physical Page: 2 | Physical Address: 1027
TRANSLATION | Processor 1 | INSTRUCTION | Logical Address: 4 | Logical Page: 0 | Offset: 4 | Physical Page: 2 | Physical Address: 1028
TRANSLATION | Processor 1 | INSTRUCTION | Logical Address: 5 | Logical Page: 0 | Offset: 5 | Physical Page: 2 | Physical Address: 1029
TRANSLATION | Processor 1 | INSTRUCTION | Logical Address: 6 | Logical Page: 0 | Offset: 6 | Physical Page: 2 | Physical Address: 1030
TRANSLATION | Processor 1 | INSTRUCTION | Logical Address: 7 | Logical Page: 0 | Offset: 7 | Physical Page: 2 | Physical Address: 1031
TRANSLATION | Processor 1 | INSTRUCTION | Logical Address: 8 | Logical Page: 0 | Offset: 8 | Physical Page: 2 | Physical Address: 1032
TRANSLATION | Processor 1 | INSTRUCTION | Logical Address: 9 | Logical Page: 0 | Offset: 9 | Physical Page: 2 | Physical Address: 1033
TRANSLATION | Processor 1 | INSTRUCTION | Logical Address: 10 | Logical Page: 0 | Offset: 10 | Physical Page: 2 | Physical Address: 1034
TRANSLATION | Processor 1 | INSTRUCTION | Logical Address: 11 | Logical Page: 0 | Offset: 11 | Physical Page: 2 | Physical Address: 1035
TRANSLATION | Processor 1 | INSTRUCTION | Logical Address: 12 | Logical Page: 0 | Offset: 12 | Physical Page: 2 | Physical Address: 1036
TRANSLATION | Processor 1 | INSTRUCTION | Logical Address: 13 | Logical Page: 0 | Offset: 13 | Physical Page: 2 | Physical Address: 1037
TRANSLATION | Processor 1 | INSTRUCTION | Logical Address: 14 | Logical Page: 0 | Offset: 14 | Physical Page: 2 | Physical Address: 1038
TRANSLATION | Processor 1 | INSTRUCTION | Logical Address: 15 | Logical Page: 0 | Offset: 15 | Physical Page: 2 | Physical Address: 1039
TRANSLATION | Processor 1 | INSTRUCTION | Logical Address: 16 | Logical Page: 0 | Offset: 16 | Physical Page: 2 | Physical Address: 1040
TRANSLATION | Processor 1 | INSTRUCTION | Logical Address: 17 | Logical Page: 0 | Offset: 17 | Physical Page: 2 | Physical Address: 1041
TRANSLATION | Processor 1 | INSTRUCTION | Logical Address: 18 | Logical Page: 0 | Offset: 18 | Physical Page: 2 | Physical Address: 1042
TRANSLATION | Processor 1 | INSTRUCTION | Logical Address: 19 | Logical Page: 0 | Offset: 19 | Physical Page: 2 | Physical Address: 1043
TRANSLATION | Processor 1 | INSTRUCTION | Logical Address: 20 | Logical Page: 0 | Offset: 20 | Physical Page: 2 | Physical Address: 1044
TRANSLATION | Processor 1 | INSTRUCTION | Logical Address: 21 | Logical Page: 0 | Offset: 21 | Physical Page: 2 | Physical Address: 1045
TRANSLATION | Processor 1 | INSTRUCTION | Logical Address: 22 | Logical Page: 0 | Offset: 22 | Physical Page: 2 | Physical Address: 1046
TRANSLATION | Processor 1 | INSTRUCTION | Logical Address: 23 | Logical Page: 0 | Offset: 23 | Physical Page: 2 | Physical Address: 1047
TRANSLATION | Processor 1 | INSTRUCTION | Logical Address: 24 | Logical Page: 0 | Offset: 24 | Physical Page: 2 | Physical Address: 1048
TRANSLATION | Processor 1 | INSTRUCTION | Logical Address: 25 | Logical Page: 0 | Offset: 25 | Physical Page: 2 | Physical Address: 1049
TRANSLATION | Processor 1 | INSTRUCTION | Logical Address: 26 | Logical Page: 0 | Offset: 26 | Physical Page: 2 | Physical Address: 1050
TRANSLATION | Processor 1 | INSTRUCTION | Logical Address: 27 | Logical Page: 0 | Offset: 27 | Physical Page: 2 | Physical Address: 1051
TRANSLATION | Processor 1 | INSTRUCTION | Logical Address: 28 | Logical Page: 0 | Offset: 28 | Physical Page: 2 | Physical Address: 1052
TRANSLATION | Processor 1 | INSTRUCTION | Logical Address: 29 | Logical Page: 0 | Offset: 29 | Physical Page: 2 | Physical Address: 1053
TRANSLATION | Processor 1 | INSTRUCTION | Logical Address: 30 | Logical Page: 0 | Offset: 30 | Physical Page: 2 | Physical Address: 1054
TRANSLATION | Processor 1 | INSTRUCTION | Logical Address: 31 | Logical Page: 0 | Offset: 31 | Physical Page: 2 | Physical Address: 1055
TRANSLATION | Processor 1 | INSTRUCTION | Logical Address: 32 | Logical Page: 0 | Offset: 32 | Physical Page: 2 | Physical Address: 1056
TRANSLATION | Processor 1 | INSTRUCTION | Logical Address: 33 | Logical Page: 0 | Offset: 33 | Physical Page: 2 | Physical Address: 1057
TRANSLATION | Processor 1 | INSTRUCTION | Logical Address: 34 | Logical Page: 0 | Offset: 34 | Physical Page: 2 | Physical Address: 1058
TRANSLATION | Processor 1 | INSTRUCTION | Logical Address: 35 | Logical Page: 0 | Offset: 35 | Physical Page: 2 | Physical Address: 1059
TRANSLATION | Processor 1 | INSTRUCTION | Logical Address: 36 | Logical Page: 0 | Offset: 36 | Physical Page: 2 | Physical Address: 1060
TRANSLATION | Processor 1 | INSTRUCTION | Logical Address: 37 | Logical Page: 0 | Offset: 37 | Physical Page: 2 | Physical Address: 1061
TRANSLATION | Processor 1 | INSTRUCTION | Logical Address: 38 | Logical Page: 0 | Offset: 38 | Physical Page: 2 | Physical Address: 1062
TRANSLATION | Processor 1 | INSTRUCTION | Logical Address: 39 | Logical Page: 0 | Offset: 39 | Physical Page: 2 | Physical Address: 1063

TASK | Processor 2 | PID 3 | State: RUNNING | Program: tests/array_add_vector/program.txt | Data: tests/array_add_vector/data.byte | PC: 0
PAGE TABLE | Processor 2
Logical Page | Physical Page | Status
           0 |             4 | MAPPED
           1 |             5 | MAPPED
           2 |             - | NOT MAPPED
           3 |             - | NOT MAPPED
           4 |             - | NOT MAPPED
           5 |             - | NOT MAPPED
           6 |             - | NOT MAPPED
           7 |             - | NOT MAPPED
           8 |             - | NOT MAPPED
Physical Pages Used | 8 / 16
TRANSLATION | Processor 2 | INSTRUCTION | Logical Address: 0 | Logical Page: 0 | Offset: 0 | Physical Page: 4 | Physical Address: 2048
TRANSLATION | Processor 2 | INSTRUCTION | Logical Address: 1 | Logical Page: 0 | Offset: 1 | Physical Page: 4 | Physical Address: 2049
TRANSLATION | Processor 2 | INSTRUCTION | Logical Address: 2 | Logical Page: 0 | Offset: 2 | Physical Page: 4 | Physical Address: 2050
TRANSLATION | Processor 2 | INSTRUCTION | Logical Address: 3 | Logical Page: 0 | Offset: 3 | Physical Page: 4 | Physical Address: 2051
TRANSLATION | Processor 2 | INSTRUCTION | Logical Address: 4 | Logical Page: 0 | Offset: 4 | Physical Page: 4 | Physical Address: 2052
TRANSLATION | Processor 2 | INSTRUCTION | Logical Address: 5 | Logical Page: 0 | Offset: 5 | Physical Page: 4 | Physical Address: 2053
TRANSLATION | Processor 2 | INSTRUCTION | Logical Address: 6 | Logical Page: 0 | Offset: 6 | Physical Page: 4 | Physical Address: 2054
TRANSLATION | Processor 2 | INSTRUCTION | Logical Address: 7 | Logical Page: 0 | Offset: 7 | Physical Page: 4 | Physical Address: 2055
TRANSLATION | Processor 2 | INSTRUCTION | Logical Address: 8 | Logical Page: 0 | Offset: 8 | Physical Page: 4 | Physical Address: 2056
TRANSLATION | Processor 2 | INSTRUCTION | Logical Address: 9 | Logical Page: 0 | Offset: 9 | Physical Page: 4 | Physical Address: 2057
TRANSLATION | Processor 2 | INSTRUCTION | Logical Address: 10 | Logical Page: 0 | Offset: 10 | Physical Page: 4 | Physical Address: 2058
TRANSLATION | Processor 2 | INSTRUCTION | Logical Address: 11 | Logical Page: 0 | Offset: 11 | Physical Page: 4 | Physical Address: 2059
TRANSLATION | Processor 2 | INSTRUCTION | Logical Address: 12 | Logical Page: 0 | Offset: 12 | Physical Page: 4 | Physical Address: 2060
TRANSLATION | Processor 2 | INSTRUCTION | Logical Address: 13 | Logical Page: 0 | Offset: 13 | Physical Page: 4 | Physical Address: 2061
TRANSLATION | Processor 2 | INSTRUCTION | Logical Address: 14 | Logical Page: 0 | Offset: 14 | Physical Page: 4 | Physical Address: 2062
TRANSLATION | Processor 2 | INSTRUCTION | Logical Address: 15 | Logical Page: 0 | Offset: 15 | Physical Page: 4 | Physical Address: 2063
TRANSLATION | Processor 2 | INSTRUCTION | Logical Address: 16 | Logical Page: 0 | Offset: 16 | Physical Page: 4 | Physical Address: 2064
TRANSLATION | Processor 2 | INSTRUCTION | Logical Address: 17 | Logical Page: 0 | Offset: 17 | Physical Page: 4 | Physical Address: 2065
TRANSLATION | Processor 2 | INSTRUCTION | Logical Address: 18 | Logical Page: 0 | Offset: 18 | Physical Page: 4 | Physical Address: 2066
TRANSLATION | Processor 2 | INSTRUCTION | Logical Address: 19 | Logical Page: 0 | Offset: 19 | Physical Page: 4 | Physical Address: 2067
TRANSLATION | Processor 2 | INSTRUCTION | Logical Address: 20 | Logical Page: 0 | Offset: 20 | Physical Page: 4 | Physical Address: 2068
TRANSLATION | Processor 2 | INSTRUCTION | Logical Address: 21 | Logical Page: 0 | Offset: 21 | Physical Page: 4 | Physical Address: 2069
TRANSLATION | Processor 2 | INSTRUCTION | Logical Address: 22 | Logical Page: 0 | Offset: 22 | Physical Page: 4 | Physical Address: 2070
TRANSLATION | Processor 2 | INSTRUCTION | Logical Address: 23 | Logical Page: 0 | Offset: 23 | Physical Page: 4 | Physical Address: 2071
TRANSLATION | Processor 2 | INSTRUCTION | Logical Address: 24 | Logical Page: 0 | Offset: 24 | Physical Page: 4 | Physical Address: 2072
TRANSLATION | Processor 2 | INSTRUCTION | Logical Address: 25 | Logical Page: 0 | Offset: 25 | Physical Page: 4 | Physical Address: 2073
TRANSLATION | Processor 2 | INSTRUCTION | Logical Address: 26 | Logical Page: 0 | Offset: 26 | Physical Page: 4 | Physical Address: 2074
TRANSLATION | Processor 2 | INSTRUCTION | Logical Address: 27 | Logical Page: 0 | Offset: 27 | Physical Page: 4 | Physical Address: 2075
TRANSLATION | Processor 2 | INSTRUCTION | Logical Address: 28 | Logical Page: 0 | Offset: 28 | Physical Page: 4 | Physical Address: 2076
TRANSLATION | Processor 2 | INSTRUCTION | Logical Address: 29 | Logical Page: 0 | Offset: 29 | Physical Page: 4 | Physical Address: 2077
TRANSLATION | Processor 2 | INSTRUCTION | Logical Address: 30 | Logical Page: 0 | Offset: 30 | Physical Page: 4 | Physical Address: 2078
TRANSLATION | Processor 2 | INSTRUCTION | Logical Address: 31 | Logical Page: 0 | Offset: 31 | Physical Page: 4 | Physical Address: 2079
TRANSLATION | Processor 2 | INSTRUCTION | Logical Address: 32 | Logical Page: 0 | Offset: 32 | Physical Page: 4 | Physical Address: 2080
TRANSLATION | Processor 2 | INSTRUCTION | Logical Address: 33 | Logical Page: 0 | Offset: 33 | Physical Page: 4 | Physical Address: 2081
TRANSLATION | Processor 2 | INSTRUCTION | Logical Address: 34 | Logical Page: 0 | Offset: 34 | Physical Page: 4 | Physical Address: 2082
TRANSLATION | Processor 2 | INSTRUCTION | Logical Address: 35 | Logical Page: 0 | Offset: 35 | Physical Page: 4 | Physical Address: 2083
TRANSLATION | Processor 2 | INSTRUCTION | Logical Address: 36 | Logical Page: 0 | Offset: 36 | Physical Page: 4 | Physical Address: 2084
TRANSLATION | Processor 2 | INSTRUCTION | Logical Address: 37 | Logical Page: 0 | Offset: 37 | Physical Page: 4 | Physical Address: 2085
TRANSLATION | Processor 2 | INSTRUCTION | Logical Address: 38 | Logical Page: 0 | Offset: 38 | Physical Page: 4 | Physical Address: 2086
TRANSLATION | Processor 2 | INSTRUCTION | Logical Address: 39 | Logical Page: 0 | Offset: 39 | Physical Page: 4 | Physical Address: 2087

TASK | Processor 3 | PID 4 | State: RUNNING | Program: tests/fir_filter_vector/program.txt | Data: tests/fir_filter_vector/data.byte | PC: 0
PAGE TABLE | Processor 3
Logical Page | Physical Page | Status
           0 |             6 | MAPPED
           1 |             7 | MAPPED
           2 |             - | NOT MAPPED
           3 |             - | NOT MAPPED
           4 |             - | NOT MAPPED
           5 |             - | NOT MAPPED
           6 |             - | NOT MAPPED
           7 |             - | NOT MAPPED
           8 |             - | NOT MAPPED
Physical Pages Used | 8 / 16
TRANSLATION | Processor 3 | INSTRUCTION | Logical Address: 0 | Logical Page: 0 | Offset: 0 | Physical Page: 6 | Physical Address: 3072
TRANSLATION | Processor 3 | INSTRUCTION | Logical Address: 1 | Logical Page: 0 | Offset: 1 | Physical Page: 6 | Physical Address: 3073
TRANSLATION | Processor 3 | INSTRUCTION | Logical Address: 2 | Logical Page: 0 | Offset: 2 | Physical Page: 6 | Physical Address: 3074
TRANSLATION | Processor 3 | INSTRUCTION | Logical Address: 3 | Logical Page: 0 | Offset: 3 | Physical Page: 6 | Physical Address: 3075
TRANSLATION | Processor 3 | INSTRUCTION | Logical Address: 4 | Logical Page: 0 | Offset: 4 | Physical Page: 6 | Physical Address: 3076
TRANSLATION | Processor 3 | INSTRUCTION | Logical Address: 5 | Logical Page: 0 | Offset: 5 | Physical Page: 6 | Physical Address: 3077
TRANSLATION | Processor 3 | INSTRUCTION | Logical Address: 6 | Logical Page: 0 | Offset: 6 | Physical Page: 6 | Physical Address: 3078
TRANSLATION | Processor 3 | INSTRUCTION | Logical Address: 7 | Logical Page: 0 | Offset: 7 | Physical Page: 6 | Physical Address: 3079
TRANSLATION | Processor 3 | INSTRUCTION | Logical Address: 8 | Logical Page: 0 | Offset: 8 | Physical Page: 6 | Physical Address: 3080
TRANSLATION | Processor 3 | INSTRUCTION | Logical Address: 9 | Logical Page: 0 | Offset: 9 | Physical Page: 6 | Physical Address: 3081
TRANSLATION | Processor 3 | INSTRUCTION | Logical Address: 10 | Logical Page: 0 | Offset: 10 | Physical Page: 6 | Physical Address: 3082
TRANSLATION | Processor 3 | INSTRUCTION | Logical Address: 11 | Logical Page: 0 | Offset: 11 | Physical Page: 6 | Physical Address: 3083
TRANSLATION | Processor 3 | INSTRUCTION | Logical Address: 12 | Logical Page: 0 | Offset: 12 | Physical Page: 6 | Physical Address: 3084
TRANSLATION | Processor 3 | INSTRUCTION | Logical Address: 13 | Logical Page: 0 | Offset: 13 | Physical Page: 6 | Physical Address: 3085
TRANSLATION | Processor 3 | INSTRUCTION | Logical Address: 14 | Logical Page: 0 | Offset: 14 | Physical Page: 6 | Physical Address: 3086
TRANSLATION | Processor 3 | INSTRUCTION | Logical Address: 15 | Logical Page: 0 | Offset: 15 | Physical Page: 6 | Physical Address: 3087
TRANSLATION | Processor 3 | INSTRUCTION | Logical Address: 16 | Logical Page: 0 | Offset: 16 | Physical Page: 6 | Physical Address: 3088
TRANSLATION | Processor 3 | INSTRUCTION | Logical Address: 17 | Logical Page: 0 | Offset: 17 | Physical Page: 6 | Physical Address: 3089
TRANSLATION | Processor 3 | INSTRUCTION | Logical Address: 18 | Logical Page: 0 | Offset: 18 | Physical Page: 6 | Physical Address: 3090
TRANSLATION | Processor 3 | INSTRUCTION | Logical Address: 19 | Logical Page: 0 | Offset: 19 | Physical Page: 6 | Physical Address: 3091
TRANSLATION | Processor 3 | INSTRUCTION | Logical Address: 20 | Logical Page: 0 | Offset: 20 | Physical Page: 6 | Physical Address: 3092
TRANSLATION | Processor 3 | INSTRUCTION | Logical Address: 21 | Logical Page: 0 | Offset: 21 | Physical Page: 6 | Physical Address: 3093
TRANSLATION | Processor 3 | INSTRUCTION | Logical Address: 22 | Logical Page: 0 | Offset: 22 | Physical Page: 6 | Physical Address: 3094
TRANSLATION | Processor 3 | INSTRUCTION | Logical Address: 23 | Logical Page: 0 | Offset: 23 | Physical Page: 6 | Physical Address: 3095
TRANSLATION | Processor 3 | INSTRUCTION | Logical Address: 24 | Logical Page: 0 | Offset: 24 | Physical Page: 6 | Physical Address: 3096
TRANSLATION | Processor 3 | INSTRUCTION | Logical Address: 25 | Logical Page: 0 | Offset: 25 | Physical Page: 6 | Physical Address: 3097
TRANSLATION | Processor 3 | INSTRUCTION | Logical Address: 26 | Logical Page: 0 | Offset: 26 | Physical Page: 6 | Physical Address: 3098
TRANSLATION | Processor 3 | INSTRUCTION | Logical Address: 27 | Logical Page: 0 | Offset: 27 | Physical Page: 6 | Physical Address: 3099
TRANSLATION | Processor 3 | INSTRUCTION | Logical Address: 28 | Logical Page: 0 | Offset: 28 | Physical Page: 6 | Physical Address: 3100
TRANSLATION | Processor 3 | INSTRUCTION | Logical Address: 29 | Logical Page: 0 | Offset: 29 | Physical Page: 6 | Physical Address: 3101
TRANSLATION | Processor 3 | INSTRUCTION | Logical Address: 30 | Logical Page: 0 | Offset: 30 | Physical Page: 6 | Physical Address: 3102
TRANSLATION | Processor 3 | INSTRUCTION | Logical Address: 31 | Logical Page: 0 | Offset: 31 | Physical Page: 6 | Physical Address: 3103
TRANSLATION | Processor 3 | INSTRUCTION | Logical Address: 32 | Logical Page: 0 | Offset: 32 | Physical Page: 6 | Physical Address: 3104
TRANSLATION | Processor 3 | INSTRUCTION | Logical Address: 33 | Logical Page: 0 | Offset: 33 | Physical Page: 6 | Physical Address: 3105
TRANSLATION | Processor 3 | INSTRUCTION | Logical Address: 34 | Logical Page: 0 | Offset: 34 | Physical Page: 6 | Physical Address: 3106
TRANSLATION | Processor 3 | INSTRUCTION | Logical Address: 35 | Logical Page: 0 | Offset: 35 | Physical Page: 6 | Physical Address: 3107
TRANSLATION | Processor 3 | INSTRUCTION | Logical Address: 36 | Logical Page: 0 | Offset: 36 | Physical Page: 6 | Physical Address: 3108
TRANSLATION | Processor 3 | INSTRUCTION | Logical Address: 37 | Logical Page: 0 | Offset: 37 | Physical Page: 6 | Physical Address: 3109
TRANSLATION | Processor 3 | INSTRUCTION | Logical Address: 38 | Logical Page: 0 | Offset: 38 | Physical Page: 6 | Physical Address: 3110
TRANSLATION | Processor 3 | INSTRUCTION | Logical Address: 39 | Logical Page: 0 | Offset: 39 | Physical Page: 6 | Physical Address: 3111

TASK | Processor 0 | PID 1 | State: RUNNING | Program: tests/array_add/program.txt | Data: tests/array_add/data.byte | PC: 40
PAGE TABLE | Processor 0
Logical Page | Physical Page | Status
           0 |             0 | MAPPED
           1 |             1 | MAPPED
           2 |             - | NOT MAPPED
           3 |             - | NOT MAPPED
           4 |             - | NOT MAPPED
           5 |             - | NOT MAPPED
           6 |             - | NOT MAPPED
           7 |             - | NOT MAPPED
           8 |             - | NOT MAPPED
Physical Pages Used | 8 / 16
TRANSLATION | Processor 0 | INSTRUCTION | Logical Address: 40 | Logical Page: 0 | Offset: 40 | Physical Page: 0 | Physical Address: 40
TRANSLATION | Processor 0 | INSTRUCTION | Logical Address: 41 | Logical Page: 0 | Offset: 41 | Physical Page: 0 | Physical Address: 41
TRANSLATION | Processor 0 | INSTRUCTION | Logical Address: 42 | Logical Page: 0 | Offset: 42 | Physical Page: 0 | Physical Address: 42
TRANSLATION | Processor 0 | INSTRUCTION | Logical Address: 43 | Logical Page: 0 | Offset: 43 | Physical Page: 0 | Physical Address: 43
TRANSLATION | Processor 0 | INSTRUCTION | Logical Address: 16 | Logical Page: 0 | Offset: 16 | Physical Page: 0 | Physical Address: 16
TRANSLATION | Processor 0 | INSTRUCTION | Logical Address: 17 | Logical Page: 0 | Offset: 17 | Physical Page: 0 | Physical Address: 17
TRANSLATION | Processor 0 | INSTRUCTION | Logical Address: 18 | Logical Page: 0 | Offset: 18 | Physical Page: 0 | Physical Address: 18
TRANSLATION | Processor 0 | INSTRUCTION | Logical Address: 19 | Logical Page: 0 | Offset: 19 | Physical Page: 0 | Physical Address: 19
TRANSLATION | Processor 0 | INSTRUCTION | Logical Address: 20 | Logical Page: 0 | Offset: 20 | Physical Page: 0 | Physical Address: 20
TRANSLATION | Processor 0 | INSTRUCTION | Logical Address: 21 | Logical Page: 0 | Offset: 21 | Physical Page: 0 | Physical Address: 21
TRANSLATION | Processor 0 | INSTRUCTION | Logical Address: 22 | Logical Page: 0 | Offset: 22 | Physical Page: 0 | Physical Address: 22
TRANSLATION | Processor 0 | INSTRUCTION | Logical Address: 23 | Logical Page: 0 | Offset: 23 | Physical Page: 0 | Physical Address: 23
TRANSLATION | Processor 0 | INSTRUCTION | Logical Address: 24 | Logical Page: 0 | Offset: 24 | Physical Page: 0 | Physical Address: 24
TRANSLATION | Processor 0 | INSTRUCTION | Logical Address: 25 | Logical Page: 0 | Offset: 25 | Physical Page: 0 | Physical Address: 25
TRANSLATION | Processor 0 | INSTRUCTION | Logical Address: 26 | Logical Page: 0 | Offset: 26 | Physical Page: 0 | Physical Address: 26
TRANSLATION | Processor 0 | INSTRUCTION | Logical Address: 27 | Logical Page: 0 | Offset: 27 | Physical Page: 0 | Physical Address: 27
TRANSLATION | Processor 0 | INSTRUCTION | Logical Address: 28 | Logical Page: 0 | Offset: 28 | Physical Page: 0 | Physical Address: 28
TRANSLATION | Processor 0 | INSTRUCTION | Logical Address: 29 | Logical Page: 0 | Offset: 29 | Physical Page: 0 | Physical Address: 29
TRANSLATION | Processor 0 | INSTRUCTION | Logical Address: 30 | Logical Page: 0 | Offset: 30 | Physical Page: 0 | Physical Address: 30
TRANSLATION | Processor 0 | INSTRUCTION | Logical Address: 31 | Logical Page: 0 | Offset: 31 | Physical Page: 0 | Physical Address: 31
TRANSLATION | Processor 0 | INSTRUCTION | Logical Address: 32 | Logical Page: 0 | Offset: 32 | Physical Page: 0 | Physical Address: 32
TRANSLATION | Processor 0 | INSTRUCTION | Logical Address: 33 | Logical Page: 0 | Offset: 33 | Physical Page: 0 | Physical Address: 33
TRANSLATION | Processor 0 | INSTRUCTION | Logical Address: 34 | Logical Page: 0 | Offset: 34 | Physical Page: 0 | Physical Address: 34
TRANSLATION | Processor 0 | INSTRUCTION | Logical Address: 35 | Logical Page: 0 | Offset: 35 | Physical Page: 0 | Physical Address: 35
TRANSLATION | Processor 0 | INSTRUCTION | Logical Address: 36 | Logical Page: 0 | Offset: 36 | Physical Page: 0 | Physical Address: 36
TRANSLATION | Processor 0 | INSTRUCTION | Logical Address: 37 | Logical Page: 0 | Offset: 37 | Physical Page: 0 | Physical Address: 37
TRANSLATION | Processor 0 | INSTRUCTION | Logical Address: 38 | Logical Page: 0 | Offset: 38 | Physical Page: 0 | Physical Address: 38
TRANSLATION | Processor 0 | INSTRUCTION | Logical Address: 39 | Logical Page: 0 | Offset: 39 | Physical Page: 0 | Physical Address: 39
TRANSLATION | Processor 0 | INSTRUCTION | Logical Address: 40 | Logical Page: 0 | Offset: 40 | Physical Page: 0 | Physical Address: 40
TRANSLATION | Processor 0 | INSTRUCTION | Logical Address: 41 | Logical Page: 0 | Offset: 41 | Physical Page: 0 | Physical Address: 41
TRANSLATION | Processor 0 | INSTRUCTION | Logical Address: 42 | Logical Page: 0 | Offset: 42 | Physical Page: 0 | Physical Address: 42
TRANSLATION | Processor 0 | INSTRUCTION | Logical Address: 43 | Logical Page: 0 | Offset: 43 | Physical Page: 0 | Physical Address: 43
TRANSLATION | Processor 0 | INSTRUCTION | Logical Address: 16 | Logical Page: 0 | Offset: 16 | Physical Page: 0 | Physical Address: 16
TRANSLATION | Processor 0 | INSTRUCTION | Logical Address: 17 | Logical Page: 0 | Offset: 17 | Physical Page: 0 | Physical Address: 17
TRANSLATION | Processor 0 | INSTRUCTION | Logical Address: 18 | Logical Page: 0 | Offset: 18 | Physical Page: 0 | Physical Address: 18
TRANSLATION | Processor 0 | INSTRUCTION | Logical Address: 19 | Logical Page: 0 | Offset: 19 | Physical Page: 0 | Physical Address: 19
TRANSLATION | Processor 0 | INSTRUCTION | Logical Address: 20 | Logical Page: 0 | Offset: 20 | Physical Page: 0 | Physical Address: 20
TRANSLATION | Processor 0 | INSTRUCTION | Logical Address: 21 | Logical Page: 0 | Offset: 21 | Physical Page: 0 | Physical Address: 21
TRANSLATION | Processor 0 | INSTRUCTION | Logical Address: 22 | Logical Page: 0 | Offset: 22 | Physical Page: 0 | Physical Address: 22
TRANSLATION | Processor 0 | INSTRUCTION | Logical Address: 23 | Logical Page: 0 | Offset: 23 | Physical Page: 0 | Physical Address: 23

TASK | Processor 1 | PID 2 | State: RUNNING | Program: tests/fir_filter/program.txt | Data: tests/fir_filter/data.byte | PC: 40
PAGE TABLE | Processor 1
Logical Page | Physical Page | Status
           0 |             2 | MAPPED
           1 |             3 | MAPPED
           2 |             - | NOT MAPPED
           3 |             - | NOT MAPPED
           4 |             - | NOT MAPPED
           5 |             - | NOT MAPPED
           6 |             - | NOT MAPPED
           7 |             - | NOT MAPPED
           8 |             - | NOT MAPPED
Physical Pages Used | 8 / 16
TRANSLATION | Processor 1 | INSTRUCTION | Logical Address: 40 | Logical Page: 0 | Offset: 40 | Physical Page: 2 | Physical Address: 1064
TRANSLATION | Processor 1 | INSTRUCTION | Logical Address: 41 | Logical Page: 0 | Offset: 41 | Physical Page: 2 | Physical Address: 1065
TRANSLATION | Processor 1 | INSTRUCTION | Logical Address: 42 | Logical Page: 0 | Offset: 42 | Physical Page: 2 | Physical Address: 1066
TRANSLATION | Processor 1 | INSTRUCTION | Logical Address: 43 | Logical Page: 0 | Offset: 43 | Physical Page: 2 | Physical Address: 1067
TRANSLATION | Processor 1 | INSTRUCTION | Logical Address: 44 | Logical Page: 0 | Offset: 44 | Physical Page: 2 | Physical Address: 1068
TRANSLATION | Processor 1 | INSTRUCTION | Logical Address: 45 | Logical Page: 0 | Offset: 45 | Physical Page: 2 | Physical Address: 1069
TRANSLATION | Processor 1 | INSTRUCTION | Logical Address: 46 | Logical Page: 0 | Offset: 46 | Physical Page: 2 | Physical Address: 1070
TRANSLATION | Processor 1 | INSTRUCTION | Logical Address: 47 | Logical Page: 0 | Offset: 47 | Physical Page: 2 | Physical Address: 1071
TRANSLATION | Processor 1 | INSTRUCTION | Logical Address: 48 | Logical Page: 0 | Offset: 48 | Physical Page: 2 | Physical Address: 1072
TRANSLATION | Processor 1 | INSTRUCTION | Logical Address: 49 | Logical Page: 0 | Offset: 49 | Physical Page: 2 | Physical Address: 1073
TRANSLATION | Processor 1 | INSTRUCTION | Logical Address: 50 | Logical Page: 0 | Offset: 50 | Physical Page: 2 | Physical Address: 1074
TRANSLATION | Processor 1 | INSTRUCTION | Logical Address: 51 | Logical Page: 0 | Offset: 51 | Physical Page: 2 | Physical Address: 1075
TRANSLATION | Processor 1 | INSTRUCTION | Logical Address: 52 | Logical Page: 0 | Offset: 52 | Physical Page: 2 | Physical Address: 1076
TRANSLATION | Processor 1 | INSTRUCTION | Logical Address: 53 | Logical Page: 0 | Offset: 53 | Physical Page: 2 | Physical Address: 1077
TRANSLATION | Processor 1 | INSTRUCTION | Logical Address: 54 | Logical Page: 0 | Offset: 54 | Physical Page: 2 | Physical Address: 1078
TRANSLATION | Processor 1 | INSTRUCTION | Logical Address: 55 | Logical Page: 0 | Offset: 55 | Physical Page: 2 | Physical Address: 1079
TRANSLATION | Processor 1 | INSTRUCTION | Logical Address: 56 | Logical Page: 0 | Offset: 56 | Physical Page: 2 | Physical Address: 1080
TRANSLATION | Processor 1 | INSTRUCTION | Logical Address: 57 | Logical Page: 0 | Offset: 57 | Physical Page: 2 | Physical Address: 1081
TRANSLATION | Processor 1 | INSTRUCTION | Logical Address: 58 | Logical Page: 0 | Offset: 58 | Physical Page: 2 | Physical Address: 1082
TRANSLATION | Processor 1 | INSTRUCTION | Logical Address: 59 | Logical Page: 0 | Offset: 59 | Physical Page: 2 | Physical Address: 1083
TRANSLATION | Processor 1 | INSTRUCTION | Logical Address: 60 | Logical Page: 0 | Offset: 60 | Physical Page: 2 | Physical Address: 1084
TRANSLATION | Processor 1 | INSTRUCTION | Logical Address: 61 | Logical Page: 0 | Offset: 61 | Physical Page: 2 | Physical Address: 1085
TRANSLATION | Processor 1 | INSTRUCTION | Logical Address: 62 | Logical Page: 0 | Offset: 62 | Physical Page: 2 | Physical Address: 1086
TRANSLATION | Processor 1 | INSTRUCTION | Logical Address: 63 | Logical Page: 0 | Offset: 63 | Physical Page: 2 | Physical Address: 1087
TRANSLATION | Processor 1 | INSTRUCTION | Logical Address: 64 | Logical Page: 0 | Offset: 64 | Physical Page: 2 | Physical Address: 1088
TRANSLATION | Processor 1 | INSTRUCTION | Logical Address: 65 | Logical Page: 0 | Offset: 65 | Physical Page: 2 | Physical Address: 1089
TRANSLATION | Processor 1 | INSTRUCTION | Logical Address: 66 | Logical Page: 0 | Offset: 66 | Physical Page: 2 | Physical Address: 1090
TRANSLATION | Processor 1 | INSTRUCTION | Logical Address: 67 | Logical Page: 0 | Offset: 67 | Physical Page: 2 | Physical Address: 1091
TRANSLATION | Processor 1 | INSTRUCTION | Logical Address: 68 | Logical Page: 0 | Offset: 68 | Physical Page: 2 | Physical Address: 1092
TRANSLATION | Processor 1 | INSTRUCTION | Logical Address: 69 | Logical Page: 0 | Offset: 69 | Physical Page: 2 | Physical Address: 1093
TRANSLATION | Processor 1 | INSTRUCTION | Logical Address: 70 | Logical Page: 0 | Offset: 70 | Physical Page: 2 | Physical Address: 1094
TRANSLATION | Processor 1 | INSTRUCTION | Logical Address: 71 | Logical Page: 0 | Offset: 71 | Physical Page: 2 | Physical Address: 1095

FINAL PAGE TABLE | Processor 1
PAGE TABLE | Processor 1
Logical Page | Physical Page | Status
           0 |             2 | MAPPED
           1 |             3 | MAPPED
           2 |             - | NOT MAPPED
           3 |             - | NOT MAPPED
           4 |             - | NOT MAPPED
           5 |             - | NOT MAPPED
           6 |             - | NOT MAPPED
           7 |             - | NOT MAPPED
           8 |             - | NOT MAPPED
Physical Pages Used | 8 / 16
Processor 1 finished
Final PC : 72
State    : FINISHED
============================================================

TASK | Processor 1 | PID 2 | State: FINISHED | Program: tests/fir_filter/program.txt | Data: tests/fir_filter/data.byte | PC: 72
PAGE TABLE | Processor 1
Logical Page | Physical Page | Status
           0 |             - | NOT MAPPED
           1 |             - | NOT MAPPED
           2 |             - | NOT MAPPED
           3 |             - | NOT MAPPED
           4 |             - | NOT MAPPED
           5 |             - | NOT MAPPED
           6 |             - | NOT MAPPED
           7 |             - | NOT MAPPED
           8 |             - | NOT MAPPED
Physical Pages Used | 6 / 16

TASK | Processor 2 | PID 3 | State: RUNNING | Program: tests/array_add_vector/program.txt | Data: tests/array_add_vector/data.byte | PC: 40
PAGE TABLE | Processor 2
Logical Page | Physical Page | Status
           0 |             4 | MAPPED
           1 |             5 | MAPPED
           2 |             - | NOT MAPPED
           3 |             - | NOT MAPPED
           4 |             - | NOT MAPPED
           5 |             - | NOT MAPPED
           6 |             - | NOT MAPPED
           7 |             - | NOT MAPPED
           8 |             - | NOT MAPPED
Physical Pages Used | 6 / 16
TRANSLATION | Processor 2 | INSTRUCTION | Logical Address: 40 | Logical Page: 0 | Offset: 40 | Physical Page: 4 | Physical Address: 2088
TRANSLATION | Processor 2 | INSTRUCTION | Logical Address: 41 | Logical Page: 0 | Offset: 41 | Physical Page: 4 | Physical Address: 2089
TRANSLATION | Processor 2 | INSTRUCTION | Logical Address: 42 | Logical Page: 0 | Offset: 42 | Physical Page: 4 | Physical Address: 2090
TRANSLATION | Processor 2 | INSTRUCTION | Logical Address: 43 | Logical Page: 0 | Offset: 43 | Physical Page: 4 | Physical Address: 2091
TRANSLATION | Processor 2 | INSTRUCTION | Logical Address: 44 | Logical Page: 0 | Offset: 44 | Physical Page: 4 | Physical Address: 2092
TRANSLATION | Processor 2 | INSTRUCTION | Logical Address: 45 | Logical Page: 0 | Offset: 45 | Physical Page: 4 | Physical Address: 2093
TRANSLATION | Processor 2 | INSTRUCTION | Logical Address: 46 | Logical Page: 0 | Offset: 46 | Physical Page: 4 | Physical Address: 2094
TRANSLATION | Processor 2 | INSTRUCTION | Logical Address: 47 | Logical Page: 0 | Offset: 47 | Physical Page: 4 | Physical Address: 2095
TRANSLATION | Processor 2 | INSTRUCTION | Logical Address: 48 | Logical Page: 0 | Offset: 48 | Physical Page: 4 | Physical Address: 2096
TRANSLATION | Processor 2 | INSTRUCTION | Logical Address: 49 | Logical Page: 0 | Offset: 49 | Physical Page: 4 | Physical Address: 2097
TRANSLATION | Processor 2 | INSTRUCTION | Logical Address: 50 | Logical Page: 0 | Offset: 50 | Physical Page: 4 | Physical Address: 2098
TRANSLATION | Processor 2 | INSTRUCTION | Logical Address: 51 | Logical Page: 0 | Offset: 51 | Physical Page: 4 | Physical Address: 2099
TRANSLATION | Processor 2 | INSTRUCTION | Logical Address: 52 | Logical Page: 0 | Offset: 52 | Physical Page: 4 | Physical Address: 2100
TRANSLATION | Processor 2 | INSTRUCTION | Logical Address: 53 | Logical Page: 0 | Offset: 53 | Physical Page: 4 | Physical Address: 2101
TRANSLATION | Processor 2 | INSTRUCTION | Logical Address: 54 | Logical Page: 0 | Offset: 54 | Physical Page: 4 | Physical Address: 2102
TRANSLATION | Processor 2 | INSTRUCTION | Logical Address: 55 | Logical Page: 0 | Offset: 55 | Physical Page: 4 | Physical Address: 2103
TRANSLATION | Processor 2 | INSTRUCTION | Logical Address: 56 | Logical Page: 0 | Offset: 56 | Physical Page: 4 | Physical Address: 2104
TRANSLATION | Processor 2 | INSTRUCTION | Logical Address: 57 | Logical Page: 0 | Offset: 57 | Physical Page: 4 | Physical Address: 2105
TRANSLATION | Processor 2 | INSTRUCTION | Logical Address: 58 | Logical Page: 0 | Offset: 58 | Physical Page: 4 | Physical Address: 2106
TRANSLATION | Processor 2 | INSTRUCTION | Logical Address: 59 | Logical Page: 0 | Offset: 59 | Physical Page: 4 | Physical Address: 2107
TRANSLATION | Processor 2 | INSTRUCTION | Logical Address: 60 | Logical Page: 0 | Offset: 60 | Physical Page: 4 | Physical Address: 2108
TRANSLATION | Processor 2 | INSTRUCTION | Logical Address: 61 | Logical Page: 0 | Offset: 61 | Physical Page: 4 | Physical Address: 2109
TRANSLATION | Processor 2 | INSTRUCTION | Logical Address: 62 | Logical Page: 0 | Offset: 62 | Physical Page: 4 | Physical Address: 2110
TRANSLATION | Processor 2 | INSTRUCTION | Logical Address: 63 | Logical Page: 0 | Offset: 63 | Physical Page: 4 | Physical Address: 2111

FINAL PAGE TABLE | Processor 2
PAGE TABLE | Processor 2
Logical Page | Physical Page | Status
           0 |             4 | MAPPED
           1 |             5 | MAPPED
           2 |             - | NOT MAPPED
           3 |             - | NOT MAPPED
           4 |             - | NOT MAPPED
           5 |             - | NOT MAPPED
           6 |             - | NOT MAPPED
           7 |             - | NOT MAPPED
           8 |             - | NOT MAPPED
Physical Pages Used | 6 / 16
Processor 2 finished
Final PC : 64
State    : FINISHED
============================================================

TASK | Processor 2 | PID 3 | State: FINISHED | Program: tests/array_add_vector/program.txt | Data: tests/array_add_vector/data.byte | PC: 64
PAGE TABLE | Processor 2
Logical Page | Physical Page | Status
           0 |             - | NOT MAPPED
           1 |             - | NOT MAPPED
           2 |             - | NOT MAPPED
           3 |             - | NOT MAPPED
           4 |             - | NOT MAPPED
           5 |             - | NOT MAPPED
           6 |             - | NOT MAPPED
           7 |             - | NOT MAPPED
           8 |             - | NOT MAPPED
Physical Pages Used | 4 / 16

TASK | Processor 3 | PID 4 | State: RUNNING | Program: tests/fir_filter_vector/program.txt | Data: tests/fir_filter_vector/data.byte | PC: 40
PAGE TABLE | Processor 3
Logical Page | Physical Page | Status
           0 |             6 | MAPPED
           1 |             7 | MAPPED
           2 |             - | NOT MAPPED
           3 |             - | NOT MAPPED
           4 |             - | NOT MAPPED
           5 |             - | NOT MAPPED
           6 |             - | NOT MAPPED
           7 |             - | NOT MAPPED
           8 |             - | NOT MAPPED
Physical Pages Used | 4 / 16
TRANSLATION | Processor 3 | INSTRUCTION | Logical Address: 40 | Logical Page: 0 | Offset: 40 | Physical Page: 6 | Physical Address: 3112
TRANSLATION | Processor 3 | INSTRUCTION | Logical Address: 41 | Logical Page: 0 | Offset: 41 | Physical Page: 6 | Physical Address: 3113
TRANSLATION | Processor 3 | INSTRUCTION | Logical Address: 42 | Logical Page: 0 | Offset: 42 | Physical Page: 6 | Physical Address: 3114
TRANSLATION | Processor 3 | INSTRUCTION | Logical Address: 43 | Logical Page: 0 | Offset: 43 | Physical Page: 6 | Physical Address: 3115
TRANSLATION | Processor 3 | INSTRUCTION | Logical Address: 44 | Logical Page: 0 | Offset: 44 | Physical Page: 6 | Physical Address: 3116
TRANSLATION | Processor 3 | INSTRUCTION | Logical Address: 45 | Logical Page: 0 | Offset: 45 | Physical Page: 6 | Physical Address: 3117
TRANSLATION | Processor 3 | INSTRUCTION | Logical Address: 46 | Logical Page: 0 | Offset: 46 | Physical Page: 6 | Physical Address: 3118
TRANSLATION | Processor 3 | INSTRUCTION | Logical Address: 47 | Logical Page: 0 | Offset: 47 | Physical Page: 6 | Physical Address: 3119
TRANSLATION | Processor 3 | INSTRUCTION | Logical Address: 48 | Logical Page: 0 | Offset: 48 | Physical Page: 6 | Physical Address: 3120
TRANSLATION | Processor 3 | INSTRUCTION | Logical Address: 49 | Logical Page: 0 | Offset: 49 | Physical Page: 6 | Physical Address: 3121
TRANSLATION | Processor 3 | INSTRUCTION | Logical Address: 50 | Logical Page: 0 | Offset: 50 | Physical Page: 6 | Physical Address: 3122
TRANSLATION | Processor 3 | INSTRUCTION | Logical Address: 51 | Logical Page: 0 | Offset: 51 | Physical Page: 6 | Physical Address: 3123
TRANSLATION | Processor 3 | INSTRUCTION | Logical Address: 52 | Logical Page: 0 | Offset: 52 | Physical Page: 6 | Physical Address: 3124
TRANSLATION | Processor 3 | INSTRUCTION | Logical Address: 53 | Logical Page: 0 | Offset: 53 | Physical Page: 6 | Physical Address: 3125
TRANSLATION | Processor 3 | INSTRUCTION | Logical Address: 54 | Logical Page: 0 | Offset: 54 | Physical Page: 6 | Physical Address: 3126
TRANSLATION | Processor 3 | INSTRUCTION | Logical Address: 55 | Logical Page: 0 | Offset: 55 | Physical Page: 6 | Physical Address: 3127
TRANSLATION | Processor 3 | INSTRUCTION | Logical Address: 56 | Logical Page: 0 | Offset: 56 | Physical Page: 6 | Physical Address: 3128
TRANSLATION | Processor 3 | INSTRUCTION | Logical Address: 57 | Logical Page: 0 | Offset: 57 | Physical Page: 6 | Physical Address: 3129
TRANSLATION | Processor 3 | INSTRUCTION | Logical Address: 58 | Logical Page: 0 | Offset: 58 | Physical Page: 6 | Physical Address: 3130
TRANSLATION | Processor 3 | INSTRUCTION | Logical Address: 59 | Logical Page: 0 | Offset: 59 | Physical Page: 6 | Physical Address: 3131
TRANSLATION | Processor 3 | INSTRUCTION | Logical Address: 60 | Logical Page: 0 | Offset: 60 | Physical Page: 6 | Physical Address: 3132
TRANSLATION | Processor 3 | INSTRUCTION | Logical Address: 61 | Logical Page: 0 | Offset: 61 | Physical Page: 6 | Physical Address: 3133
TRANSLATION | Processor 3 | INSTRUCTION | Logical Address: 62 | Logical Page: 0 | Offset: 62 | Physical Page: 6 | Physical Address: 3134
TRANSLATION | Processor 3 | INSTRUCTION | Logical Address: 63 | Logical Page: 0 | Offset: 63 | Physical Page: 6 | Physical Address: 3135
TRANSLATION | Processor 3 | INSTRUCTION | Logical Address: 64 | Logical Page: 0 | Offset: 64 | Physical Page: 6 | Physical Address: 3136
TRANSLATION | Processor 3 | INSTRUCTION | Logical Address: 65 | Logical Page: 0 | Offset: 65 | Physical Page: 6 | Physical Address: 3137
TRANSLATION | Processor 3 | INSTRUCTION | Logical Address: 66 | Logical Page: 0 | Offset: 66 | Physical Page: 6 | Physical Address: 3138
TRANSLATION | Processor 3 | INSTRUCTION | Logical Address: 67 | Logical Page: 0 | Offset: 67 | Physical Page: 6 | Physical Address: 3139
TRANSLATION | Processor 3 | INSTRUCTION | Logical Address: 68 | Logical Page: 0 | Offset: 68 | Physical Page: 6 | Physical Address: 3140
TRANSLATION | Processor 3 | INSTRUCTION | Logical Address: 69 | Logical Page: 0 | Offset: 69 | Physical Page: 6 | Physical Address: 3141
TRANSLATION | Processor 3 | INSTRUCTION | Logical Address: 70 | Logical Page: 0 | Offset: 70 | Physical Page: 6 | Physical Address: 3142
TRANSLATION | Processor 3 | INSTRUCTION | Logical Address: 71 | Logical Page: 0 | Offset: 71 | Physical Page: 6 | Physical Address: 3143

FINAL PAGE TABLE | Processor 3
PAGE TABLE | Processor 3
Logical Page | Physical Page | Status
           0 |             6 | MAPPED
           1 |             7 | MAPPED
           2 |             - | NOT MAPPED
           3 |             - | NOT MAPPED
           4 |             - | NOT MAPPED
           5 |             - | NOT MAPPED
           6 |             - | NOT MAPPED
           7 |             - | NOT MAPPED
           8 |             - | NOT MAPPED
Physical Pages Used | 4 / 16
Processor 3 finished
Final PC : 72
State    : FINISHED
============================================================

TASK | Processor 3 | PID 4 | State: FINISHED | Program: tests/fir_filter_vector/program.txt | Data: tests/fir_filter_vector/data.byte | PC: 72
PAGE TABLE | Processor 3
Logical Page | Physical Page | Status
           0 |             - | NOT MAPPED
           1 |             - | NOT MAPPED
           2 |             - | NOT MAPPED
           3 |             - | NOT MAPPED
           4 |             - | NOT MAPPED
           5 |             - | NOT MAPPED
           6 |             - | NOT MAPPED
           7 |             - | NOT MAPPED
           8 |             - | NOT MAPPED
Physical Pages Used | 2 / 16

TASK | Processor 0 | PID 1 | State: RUNNING | Program: tests/array_add/program.txt | Data: tests/array_add/data.byte | PC: 24
PAGE TABLE | Processor 0
Logical Page | Physical Page | Status
           0 |             0 | MAPPED
           1 |             1 | MAPPED
           2 |             - | NOT MAPPED
           3 |             - | NOT MAPPED
           4 |             - | NOT MAPPED
           5 |             - | NOT MAPPED
           6 |             - | NOT MAPPED
           7 |             - | NOT MAPPED
           8 |             - | NOT MAPPED
Physical Pages Used | 2 / 16
TRANSLATION | Processor 0 | INSTRUCTION | Logical Address: 24 | Logical Page: 0 | Offset: 24 | Physical Page: 0 | Physical Address: 24
TRANSLATION | Processor 0 | INSTRUCTION | Logical Address: 25 | Logical Page: 0 | Offset: 25 | Physical Page: 0 | Physical Address: 25
TRANSLATION | Processor 0 | INSTRUCTION | Logical Address: 26 | Logical Page: 0 | Offset: 26 | Physical Page: 0 | Physical Address: 26
TRANSLATION | Processor 0 | INSTRUCTION | Logical Address: 27 | Logical Page: 0 | Offset: 27 | Physical Page: 0 | Physical Address: 27
TRANSLATION | Processor 0 | INSTRUCTION | Logical Address: 28 | Logical Page: 0 | Offset: 28 | Physical Page: 0 | Physical Address: 28
TRANSLATION | Processor 0 | INSTRUCTION | Logical Address: 29 | Logical Page: 0 | Offset: 29 | Physical Page: 0 | Physical Address: 29
TRANSLATION | Processor 0 | INSTRUCTION | Logical Address: 30 | Logical Page: 0 | Offset: 30 | Physical Page: 0 | Physical Address: 30
TRANSLATION | Processor 0 | INSTRUCTION | Logical Address: 31 | Logical Page: 0 | Offset: 31 | Physical Page: 0 | Physical Address: 31
TRANSLATION | Processor 0 | INSTRUCTION | Logical Address: 32 | Logical Page: 0 | Offset: 32 | Physical Page: 0 | Physical Address: 32
TRANSLATION | Processor 0 | INSTRUCTION | Logical Address: 33 | Logical Page: 0 | Offset: 33 | Physical Page: 0 | Physical Address: 33
TRANSLATION | Processor 0 | INSTRUCTION | Logical Address: 34 | Logical Page: 0 | Offset: 34 | Physical Page: 0 | Physical Address: 34
TRANSLATION | Processor 0 | INSTRUCTION | Logical Address: 35 | Logical Page: 0 | Offset: 35 | Physical Page: 0 | Physical Address: 35
TRANSLATION | Processor 0 | INSTRUCTION | Logical Address: 36 | Logical Page: 0 | Offset: 36 | Physical Page: 0 | Physical Address: 36
TRANSLATION | Processor 0 | INSTRUCTION | Logical Address: 37 | Logical Page: 0 | Offset: 37 | Physical Page: 0 | Physical Address: 37
TRANSLATION | Processor 0 | INSTRUCTION | Logical Address: 38 | Logical Page: 0 | Offset: 38 | Physical Page: 0 | Physical Address: 38
TRANSLATION | Processor 0 | INSTRUCTION | Logical Address: 39 | Logical Page: 0 | Offset: 39 | Physical Page: 0 | Physical Address: 39
TRANSLATION | Processor 0 | INSTRUCTION | Logical Address: 40 | Logical Page: 0 | Offset: 40 | Physical Page: 0 | Physical Address: 40
TRANSLATION | Processor 0 | INSTRUCTION | Logical Address: 41 | Logical Page: 0 | Offset: 41 | Physical Page: 0 | Physical Address: 41
TRANSLATION | Processor 0 | INSTRUCTION | Logical Address: 42 | Logical Page: 0 | Offset: 42 | Physical Page: 0 | Physical Address: 42
TRANSLATION | Processor 0 | INSTRUCTION | Logical Address: 43 | Logical Page: 0 | Offset: 43 | Physical Page: 0 | Physical Address: 43
TRANSLATION | Processor 0 | INSTRUCTION | Logical Address: 16 | Logical Page: 0 | Offset: 16 | Physical Page: 0 | Physical Address: 16
TRANSLATION | Processor 0 | INSTRUCTION | Logical Address: 17 | Logical Page: 0 | Offset: 17 | Physical Page: 0 | Physical Address: 17
TRANSLATION | Processor 0 | INSTRUCTION | Logical Address: 18 | Logical Page: 0 | Offset: 18 | Physical Page: 0 | Physical Address: 18
TRANSLATION | Processor 0 | INSTRUCTION | Logical Address: 19 | Logical Page: 0 | Offset: 19 | Physical Page: 0 | Physical Address: 19
TRANSLATION | Processor 0 | INSTRUCTION | Logical Address: 20 | Logical Page: 0 | Offset: 20 | Physical Page: 0 | Physical Address: 20
TRANSLATION | Processor 0 | INSTRUCTION | Logical Address: 21 | Logical Page: 0 | Offset: 21 | Physical Page: 0 | Physical Address: 21
TRANSLATION | Processor 0 | INSTRUCTION | Logical Address: 22 | Logical Page: 0 | Offset: 22 | Physical Page: 0 | Physical Address: 22
TRANSLATION | Processor 0 | INSTRUCTION | Logical Address: 23 | Logical Page: 0 | Offset: 23 | Physical Page: 0 | Physical Address: 23
TRANSLATION | Processor 0 | INSTRUCTION | Logical Address: 24 | Logical Page: 0 | Offset: 24 | Physical Page: 0 | Physical Address: 24
TRANSLATION | Processor 0 | INSTRUCTION | Logical Address: 25 | Logical Page: 0 | Offset: 25 | Physical Page: 0 | Physical Address: 25
TRANSLATION | Processor 0 | INSTRUCTION | Logical Address: 26 | Logical Page: 0 | Offset: 26 | Physical Page: 0 | Physical Address: 26
TRANSLATION | Processor 0 | INSTRUCTION | Logical Address: 27 | Logical Page: 0 | Offset: 27 | Physical Page: 0 | Physical Address: 27
TRANSLATION | Processor 0 | INSTRUCTION | Logical Address: 28 | Logical Page: 0 | Offset: 28 | Physical Page: 0 | Physical Address: 28
TRANSLATION | Processor 0 | INSTRUCTION | Logical Address: 29 | Logical Page: 0 | Offset: 29 | Physical Page: 0 | Physical Address: 29
TRANSLATION | Processor 0 | INSTRUCTION | Logical Address: 30 | Logical Page: 0 | Offset: 30 | Physical Page: 0 | Physical Address: 30
TRANSLATION | Processor 0 | INSTRUCTION | Logical Address: 31 | Logical Page: 0 | Offset: 31 | Physical Page: 0 | Physical Address: 31
TRANSLATION | Processor 0 | INSTRUCTION | Logical Address: 32 | Logical Page: 0 | Offset: 32 | Physical Page: 0 | Physical Address: 32
TRANSLATION | Processor 0 | INSTRUCTION | Logical Address: 33 | Logical Page: 0 | Offset: 33 | Physical Page: 0 | Physical Address: 33
TRANSLATION | Processor 0 | INSTRUCTION | Logical Address: 34 | Logical Page: 0 | Offset: 34 | Physical Page: 0 | Physical Address: 34
TRANSLATION | Processor 0 | INSTRUCTION | Logical Address: 35 | Logical Page: 0 | Offset: 35 | Physical Page: 0 | Physical Address: 35

TASK | Processor 0 | PID 1 | State: RUNNING | Program: tests/array_add/program.txt | Data: tests/array_add/data.byte | PC: 36
PAGE TABLE | Processor 0
Logical Page | Physical Page | Status
           0 |             0 | MAPPED
           1 |             1 | MAPPED
           2 |             - | NOT MAPPED
           3 |             - | NOT MAPPED
           4 |             - | NOT MAPPED
           5 |             - | NOT MAPPED
           6 |             - | NOT MAPPED
           7 |             - | NOT MAPPED
           8 |             - | NOT MAPPED
Physical Pages Used | 2 / 16
TRANSLATION | Processor 0 | INSTRUCTION | Logical Address: 36 | Logical Page: 0 | Offset: 36 | Physical Page: 0 | Physical Address: 36
TRANSLATION | Processor 0 | INSTRUCTION | Logical Address: 37 | Logical Page: 0 | Offset: 37 | Physical Page: 0 | Physical Address: 37
TRANSLATION | Processor 0 | INSTRUCTION | Logical Address: 38 | Logical Page: 0 | Offset: 38 | Physical Page: 0 | Physical Address: 38
TRANSLATION | Processor 0 | INSTRUCTION | Logical Address: 39 | Logical Page: 0 | Offset: 39 | Physical Page: 0 | Physical Address: 39
TRANSLATION | Processor 0 | INSTRUCTION | Logical Address: 40 | Logical Page: 0 | Offset: 40 | Physical Page: 0 | Physical Address: 40
TRANSLATION | Processor 0 | INSTRUCTION | Logical Address: 41 | Logical Page: 0 | Offset: 41 | Physical Page: 0 | Physical Address: 41
TRANSLATION | Processor 0 | INSTRUCTION | Logical Address: 42 | Logical Page: 0 | Offset: 42 | Physical Page: 0 | Physical Address: 42
TRANSLATION | Processor 0 | INSTRUCTION | Logical Address: 43 | Logical Page: 0 | Offset: 43 | Physical Page: 0 | Physical Address: 43
TRANSLATION | Processor 0 | INSTRUCTION | Logical Address: 16 | Logical Page: 0 | Offset: 16 | Physical Page: 0 | Physical Address: 16
TRANSLATION | Processor 0 | INSTRUCTION | Logical Address: 17 | Logical Page: 0 | Offset: 17 | Physical Page: 0 | Physical Address: 17
TRANSLATION | Processor 0 | INSTRUCTION | Logical Address: 18 | Logical Page: 0 | Offset: 18 | Physical Page: 0 | Physical Address: 18
TRANSLATION | Processor 0 | INSTRUCTION | Logical Address: 19 | Logical Page: 0 | Offset: 19 | Physical Page: 0 | Physical Address: 19
TRANSLATION | Processor 0 | INSTRUCTION | Logical Address: 20 | Logical Page: 0 | Offset: 20 | Physical Page: 0 | Physical Address: 20
TRANSLATION | Processor 0 | INSTRUCTION | Logical Address: 21 | Logical Page: 0 | Offset: 21 | Physical Page: 0 | Physical Address: 21
TRANSLATION | Processor 0 | INSTRUCTION | Logical Address: 22 | Logical Page: 0 | Offset: 22 | Physical Page: 0 | Physical Address: 22
TRANSLATION | Processor 0 | INSTRUCTION | Logical Address: 23 | Logical Page: 0 | Offset: 23 | Physical Page: 0 | Physical Address: 23
TRANSLATION | Processor 0 | INSTRUCTION | Logical Address: 24 | Logical Page: 0 | Offset: 24 | Physical Page: 0 | Physical Address: 24
TRANSLATION | Processor 0 | INSTRUCTION | Logical Address: 25 | Logical Page: 0 | Offset: 25 | Physical Page: 0 | Physical Address: 25
TRANSLATION | Processor 0 | INSTRUCTION | Logical Address: 26 | Logical Page: 0 | Offset: 26 | Physical Page: 0 | Physical Address: 26
TRANSLATION | Processor 0 | INSTRUCTION | Logical Address: 27 | Logical Page: 0 | Offset: 27 | Physical Page: 0 | Physical Address: 27
TRANSLATION | Processor 0 | INSTRUCTION | Logical Address: 28 | Logical Page: 0 | Offset: 28 | Physical Page: 0 | Physical Address: 28
TRANSLATION | Processor 0 | INSTRUCTION | Logical Address: 29 | Logical Page: 0 | Offset: 29 | Physical Page: 0 | Physical Address: 29
TRANSLATION | Processor 0 | INSTRUCTION | Logical Address: 30 | Logical Page: 0 | Offset: 30 | Physical Page: 0 | Physical Address: 30
TRANSLATION | Processor 0 | INSTRUCTION | Logical Address: 31 | Logical Page: 0 | Offset: 31 | Physical Page: 0 | Physical Address: 31
TRANSLATION | Processor 0 | INSTRUCTION | Logical Address: 32 | Logical Page: 0 | Offset: 32 | Physical Page: 0 | Physical Address: 32
TRANSLATION | Processor 0 | INSTRUCTION | Logical Address: 33 | Logical Page: 0 | Offset: 33 | Physical Page: 0 | Physical Address: 33
TRANSLATION | Processor 0 | INSTRUCTION | Logical Address: 34 | Logical Page: 0 | Offset: 34 | Physical Page: 0 | Physical Address: 34
TRANSLATION | Processor 0 | INSTRUCTION | Logical Address: 35 | Logical Page: 0 | Offset: 35 | Physical Page: 0 | Physical Address: 35
TRANSLATION | Processor 0 | INSTRUCTION | Logical Address: 36 | Logical Page: 0 | Offset: 36 | Physical Page: 0 | Physical Address: 36
TRANSLATION | Processor 0 | INSTRUCTION | Logical Address: 37 | Logical Page: 0 | Offset: 37 | Physical Page: 0 | Physical Address: 37
TRANSLATION | Processor 0 | INSTRUCTION | Logical Address: 38 | Logical Page: 0 | Offset: 38 | Physical Page: 0 | Physical Address: 38
TRANSLATION | Processor 0 | INSTRUCTION | Logical Address: 39 | Logical Page: 0 | Offset: 39 | Physical Page: 0 | Physical Address: 39
TRANSLATION | Processor 0 | INSTRUCTION | Logical Address: 40 | Logical Page: 0 | Offset: 40 | Physical Page: 0 | Physical Address: 40
TRANSLATION | Processor 0 | INSTRUCTION | Logical Address: 41 | Logical Page: 0 | Offset: 41 | Physical Page: 0 | Physical Address: 41
TRANSLATION | Processor 0 | INSTRUCTION | Logical Address: 42 | Logical Page: 0 | Offset: 42 | Physical Page: 0 | Physical Address: 42
TRANSLATION | Processor 0 | INSTRUCTION | Logical Address: 43 | Logical Page: 0 | Offset: 43 | Physical Page: 0 | Physical Address: 43
TRANSLATION | Processor 0 | INSTRUCTION | Logical Address: 16 | Logical Page: 0 | Offset: 16 | Physical Page: 0 | Physical Address: 16
TRANSLATION | Processor 0 | INSTRUCTION | Logical Address: 17 | Logical Page: 0 | Offset: 17 | Physical Page: 0 | Physical Address: 17
TRANSLATION | Processor 0 | INSTRUCTION | Logical Address: 18 | Logical Page: 0 | Offset: 18 | Physical Page: 0 | Physical Address: 18
TRANSLATION | Processor 0 | INSTRUCTION | Logical Address: 19 | Logical Page: 0 | Offset: 19 | Physical Page: 0 | Physical Address: 19

TASK | Processor 0 | PID 1 | State: RUNNING | Program: tests/array_add/program.txt | Data: tests/array_add/data.byte | PC: 20
PAGE TABLE | Processor 0
Logical Page | Physical Page | Status
           0 |             0 | MAPPED
           1 |             1 | MAPPED
           2 |             - | NOT MAPPED
           3 |             - | NOT MAPPED
           4 |             - | NOT MAPPED
           5 |             - | NOT MAPPED
           6 |             - | NOT MAPPED
           7 |             - | NOT MAPPED
           8 |             - | NOT MAPPED
Physical Pages Used | 2 / 16
TRANSLATION | Processor 0 | INSTRUCTION | Logical Address: 20 | Logical Page: 0 | Offset: 20 | Physical Page: 0 | Physical Address: 20
TRANSLATION | Processor 0 | INSTRUCTION | Logical Address: 21 | Logical Page: 0 | Offset: 21 | Physical Page: 0 | Physical Address: 21
TRANSLATION | Processor 0 | INSTRUCTION | Logical Address: 22 | Logical Page: 0 | Offset: 22 | Physical Page: 0 | Physical Address: 22
TRANSLATION | Processor 0 | INSTRUCTION | Logical Address: 23 | Logical Page: 0 | Offset: 23 | Physical Page: 0 | Physical Address: 23
TRANSLATION | Processor 0 | INSTRUCTION | Logical Address: 44 | Logical Page: 0 | Offset: 44 | Physical Page: 0 | Physical Address: 44
TRANSLATION | Processor 0 | INSTRUCTION | Logical Address: 45 | Logical Page: 0 | Offset: 45 | Physical Page: 0 | Physical Address: 45
TRANSLATION | Processor 0 | INSTRUCTION | Logical Address: 46 | Logical Page: 0 | Offset: 46 | Physical Page: 0 | Physical Address: 46
TRANSLATION | Processor 0 | INSTRUCTION | Logical Address: 47 | Logical Page: 0 | Offset: 47 | Physical Page: 0 | Physical Address: 47
TRANSLATION | Processor 0 | INSTRUCTION | Logical Address: 48 | Logical Page: 0 | Offset: 48 | Physical Page: 0 | Physical Address: 48
TRANSLATION | Processor 0 | INSTRUCTION | Logical Address: 49 | Logical Page: 0 | Offset: 49 | Physical Page: 0 | Physical Address: 49
TRANSLATION | Processor 0 | INSTRUCTION | Logical Address: 50 | Logical Page: 0 | Offset: 50 | Physical Page: 0 | Physical Address: 50
TRANSLATION | Processor 0 | INSTRUCTION | Logical Address: 51 | Logical Page: 0 | Offset: 51 | Physical Page: 0 | Physical Address: 51

FINAL PAGE TABLE | Processor 0
PAGE TABLE | Processor 0
Logical Page | Physical Page | Status
           0 |             0 | MAPPED
           1 |             1 | MAPPED
           2 |             - | NOT MAPPED
           3 |             - | NOT MAPPED
           4 |             - | NOT MAPPED
           5 |             - | NOT MAPPED
           6 |             - | NOT MAPPED
           7 |             - | NOT MAPPED
           8 |             - | NOT MAPPED
Physical Pages Used | 2 / 16
Processor 0 finished
Final PC : 52
State    : FINISHED
============================================================

TASK | Processor 0 | PID 1 | State: FINISHED | Program: tests/array_add/program.txt | Data: tests/array_add/data.byte | PC: 52
PAGE TABLE | Processor 0
Logical Page | Physical Page | Status
           0 |             - | NOT MAPPED
           1 |             - | NOT MAPPED
           2 |             - | NOT MAPPED
           3 |             - | NOT MAPPED
           4 |             - | NOT MAPPED
           5 |             - | NOT MAPPED
           6 |             - | NOT MAPPED
           7 |             - | NOT MAPPED
           8 |             - | NOT MAPPED
Physical Pages Used | 0 / 16
